[2befd23c] Forward incompatibility:
File "json_field_name_change_old.atd", line 2, characters 2-26:
Required field 'a!' disappeared.
The following types are affected:
  with_field_renames

[1dad2f90] Forward incompatibility:
File "json_field_name_change_old.atd", line 3, characters 2-9:
Required field 'b' disappeared.
The following types are affected:
  with_field_renames

[0948d4d7] Backward incompatibility:
File "json_field_name_change_new.atd", line 2, characters 2-9:
Required field 'a' is new.
The following types are affected:
  with_field_renames

[2f0c378c] Backward incompatibility:
File "json_field_name_change_new.atd", line 3, characters 2-27:
Required field 'bee' is new.
The following types are affected:
  with_field_renames

