{
  "findings": [
    {
      "hash": "177fee07",
      "direction": "Both",
      "kind": "Incompatible_type",
      "description": "Type names 'int' and 'string' are not the same and may not be compatible.",
      "affected_types": [ "t" ]
    }
  ]
}
