File "test_json_annot_invalid_field.atd", line 2, characters 16-28:
json.nam annotation not allowed
